==========================================
reduce in PROGRAM : state .
result State: {
< "Deadlock" : Class | Inh: noInh, Param: noVid, Att: noSubst, Mtds:
  < "init" : Method | Param: noVid, Att: "_" |-> null, Code: skip ; return(emp)
    >, < "n" : Method | Param: noVid, Att: "_" |-> null, Code: release ;
    return(emp) >, < "run" : Method | Param: noVid, Att: "_" |-> null, "l" |->
    null, Code: call("l" ; "this" ; "n" ; emp) ; release ; skip ; get("l" ;
    noVid) ; free("l") ; return(emp) >,
  Ocnt: 0 >
}
Bye.
