==========================================
reduce in PROGRAM : state .
result State: {
< "Test" : Class | Inh: noInh, Param: noVid, Att: "v" |-> null, "x" |-> null,
    "y" |-> null, Mtds:
  < "init" : Method | Param: noVid, Att: "_" |-> null, Code: assign(("v" @
    "Test"), ("x" @ "Test"), ("y" @ "Test") ; float(5.0e-1) :: float(1.0e-2) ::
    float(-1.0)) ; return(emp) >, < "run" : Method | Param: noVid, Att: "_" |->
    null, Code: skip ; return(emp) >,
  Ocnt: 0 >
}
==========================================
rewrite in PROGRAM : main(state, "Test", emp) .
result State: {
< ob("Test-0") : "Test" |
  Att: "this" |-> ob("Test-0"), "v" |-> float(5.0e-1), "x" |-> float(1.0e-2),
    "y" |-> float(-1.0),
  Pr: idle,
  PrQ: noProc,
  Lcnt: 2 >
 
< "Test" : Class | Inh: noInh, Param: noVid, Att: "v" |-> null, "x" |-> null,
    "y" |-> null, Mtds:
  < "init" : Method | Param: noVid, Att: "_" |-> null, Code: assign(("v" @
    "Test"), ("x" @ "Test"), ("y" @ "Test") ; float(5.0e-1) :: float(1.0e-2) ::
    float(-1.0)) ; return(emp) >, < "run" : Method | Param: noVid, Att: "_" |->
    null, Code: skip ; return(emp) >,
  Ocnt: 1 >
}
Bye.
