==========================================
reduce in PROGRAM : classes .
result Configuration: 
< "A" : Class | Inh: noInh, Param: "a", Att: "a" |-> null, Mtds:
  < "init" : Method | Param: noVid, Att: "_" |-> null, Code: skip ; return(emp)
    >, < "run" : Method | Param: noVid, Att: "_" |-> null, Code: skip ; return(
    emp) >,
  Ocnt: 0 >
 
< "B" : Class | Inh: "A" < "b" >, Param: "b", Att: "b" |-> null, Mtds:
  < "init" : Method | Param: noVid, Att: "_" |-> null, Code: assert "="("a" ::
    "b") ; return(emp) >, < "run" : Method | Param: noVid, Att: "_" |-> null,
    Code: skip ; return(emp) >,
  Ocnt: 0 >

==========================================
rewrite in PROGRAM : main(classes, "B", int(1)) .
result State: {
< ob("B0") : "B" |
  Att: "a" |-> int(1), "b" |-> int(1), "this" |-> ob("B0"),
  Pr: idle,
  PrQ: noProc,
  Lcnt: 3 >
 
< ob("main") : "" |
  Att: noSubst,
  Pr: idle,
  PrQ: noProc,
  Lcnt: 0 >
 
< "A" : Class | Inh: noInh, Param: "a", Att: "a" |-> null, Mtds:
  < "init" : Method | Param: noVid, Att: "_" |-> null, Code: skip ; return(emp)
    >, < "run" : Method | Param: noVid, Att: "_" |-> null, Code: skip ; return(
    emp) >,
  Ocnt: 0 >
 
< "B" : Class | Inh: "A" < "b" >, Param: "b", Att: "b" |-> null, Mtds:
  < "init" : Method | Param: noVid, Att: "_" |-> null, Code: assert "="("a" ::
    "b") ; return(emp) >, < "run" : Method | Param: noVid, Att: "_" |-> null,
    Code: skip ; return(emp) >,
  Ocnt: 1 >
}
Bye.
