==========================================
reduce in PROGRAM : state .
result State: {
< "Test" : Class | Inh: noInh, Param: noVid, Att: noSubst, Mtds:
  < "init" : Method | Param: noVid, Att: "_" |-> null, Code: skip ; return(emp)
    >, < "run" : Method | Param: noVid, Att: "_" |-> null, "ccglab0" |-> null,
    "ccglab1" |-> null, "w" |-> null, Code: new("w" ; "Weirdness" ; emp) ;
    call("ccglab0" ; "w" ; "m" ; emp) ; free("ccglab0") ; call("ccglab1" ; "w"
    ; "n" ; emp) ; free("ccglab1") ; return(emp) >,
  Ocnt: 0 >
 
< "Weirdness" : Class | Inh: noInh, Param: noVid, Att: "c" |-> null, Mtds:
  < "init" : Method | Param: noVid, Att: "_" |-> null, Code: assign("c" @
    "Weirdness" ; bool(false)) ; return(emp) >, < "m" : Method | Param: noVid,
    Att: "_" |-> null, Code: release ; await "c" ; return(emp) >, < "n" :
    Method | Param: noVid, Att: "_" |-> null, Code: assign("c" ; bool(true)) ;
    return(emp) >, < "run" : Method | Param: noVid, Att: "_" |-> null, Code:
    skip ; return(emp) >,
  Ocnt: 0 >
}
Bye.
