==========================================
reduce in PROGRAM : state .
result State: {
< "Test" : Class | Inh: noInh, Param: noVid, Att: noSubst, Mtds:
  < "init" : Method | Param: noVid, Att: "_" |-> null, Code: skip ; return(emp)
    >, < "m" : Method | Param: noVid, Att: "_" |-> null, "ccglab0" |-> null,
    "r" |-> null, Code: (assign("r" ; int(1))[]call("ccglab0" ; "this" ; "m" ;
    emp) ; get("ccglab0" ; "r") ; free("ccglab0") ; assign("r" ; "+"("r" ::
    int(1)))) ; return("r") >, < "run" : Method | Param: noVid, Att: "_" |->
    null, "ccglab0" |-> null, "r" |-> null, Code: call("ccglab0" ; "this" ; "m"
    ; emp) ; get("ccglab0" ; "r") ; free("ccglab0") ; return(emp) >,
  Ocnt: 0 >
}
Bye.
