==========================================
reduce in TEST-TAILCALL : classes .
result Class: 
< "Tailcall" : Class | Inh: noInh, Param: "x", Att: "x" |-> null, Mtds:
  < "init" : Method | Param: noVid, Att: noSubst, Code: return(emp) >, < "run"
    : Method | Param: noVid, Att: noSubst, Code: if "<"(int(0) :: "x") th
    assign("x" ; "-"("x" :: int(1))) ; statictail("run" ; "" ; "" ; emp) el
    return(emp) fi >,
  Ocnt: 0 >

==========================================
search in TEST-TAILCALL : main(classes, "Tailcall", int(5)) =>+ {
    conf:Configuration 
< ob("Tailcall0") : "Tailcall" |
  Att: A:Subst,
  Pr: {L:Subst | $accept tag(label(ob("Tailcall0"), 1)) ; SL:StmtList},
  PrQ: W:MProc,
  Lcnt: N:Nat >
} .

Solution 1 (state 24)
conf:Configuration --> discard(label(ob("Tailcall0"), 1))
 
< ob("main") : "" |
  Att: noSubst,
  Pr: {"var" |-> null | assign("var" ; ob("Tailcall0"))},
  PrQ: noProc,
  Lcnt: 0 >
 
< "Tailcall" : Class | Inh: noInh, Param: "x", Att: "x" |-> null, Mtds:
  < "init" : Method | Param: noVid, Att: noSubst, Code: return(emp) >, < "run"
    : Method | Param: noVid, Att: noSubst, Code: if "<"(int(0) :: "x") th
    assign("x" ; "-"("x" :: int(1))) ; statictail("run" ; "" ; "" ; emp) el
    return(emp) fi >,
  Ocnt: 1 >

A:Subst --> "this" |-> ob("Tailcall0"), "x" |-> int(4)
L:Subst --> noSubst
SL:StmtList --> noStmt
W:MProc --> {".class" |-> str("Tailcall"), ".label" |-> tag(label(ob(
    "Tailcall0"), 1)), ".method" |-> str("run"), "caller" |-> ob("Tailcall0") |
    if "<"(int(0) :: "x") th assign("x" ; "-"("x" :: int(1))) ; statictail(
    "run" ; "" ; "" ; emp) el return(emp) fi}
N:Nat --> 2
==========================================
search in TEST-TAILCALL : main(classes, "Tailcall", int(5)) =>+ {
    conf:Configuration 
< ob("Tailcall0") : "Tailcall" |
  Att: A:Subst,
  Pr: {L:Subst | $accept tag(label(ob("Tailcall0"), 2)) ; SL:StmtList},
  PrQ: W:MProc,
  Lcnt: N:Nat >
} .

No solution.
==========================================
rewrite in TEST-TAILCALL : main(classes, "Tailcall", int(5)) .
result State: {
< ob("Tailcall0") : "Tailcall" |
  Att: "this" |-> ob("Tailcall0"), "x" |-> int(0),
  Pr: idle,
  PrQ: noProc,
  Lcnt: 2 >
 
< ob("main") : "" |
  Att: noSubst,
  Pr: idle,
  PrQ: noProc,
  Lcnt: 0 >
 
< "Tailcall" : Class | Inh: noInh, Param: "x", Att: "x" |-> null, Mtds:
  < "init" : Method | Param: noVid, Att: noSubst, Code: return(emp) >, < "run"
    : Method | Param: noVid, Att: noSubst, Code: if "<"(int(0) :: "x") th
    assign("x" ; "-"("x" :: int(1))) ; statictail("run" ; "" ; "" ; emp) el
    return(emp) fi >,
  Ocnt: 1 >
}
Bye.
