==========================================
reduce in PROGRAM : state .
result State: {
< "Alarmclock" : Class | Inh: noInh, Param: noVid, Att: "clock" |-> null, Mtds:
  < "init" : Method | Param: noVid, Att: "_" |-> null, Code: assign("clock" ;
    int(0)) ; return(emp) >, < "run" : Method | Param: noVid, Att: "_" |->
    null, "ccglab0" |-> null, Code: assign("clock" ; "+"("clock" :: int(1))) ;
    call("ccglab0" ; "this" ; "run" ; emp) ; free("ccglab0") ; return(emp) >, <
    "wakeme" : Method | Param: "n", Att: "_" |-> null, "alarmsetting" |-> null,
    "n" |-> null, Code: assign("alarmsetting" ; "+"("clock" :: "n")) ; await
    ">="("clock" :: "alarmsetting") ; return(emp) >,
  Ocnt: 0 >
}
Bye.
