==========================================
reduce in PROGRAM : state .
result State: {
< "Buffer" : Class | Inh: noInh, Param: noVid, Att: "full" |-> null, "value"
    |-> null, Mtds:
  < "get" : Method | Param: noVid, Att: "_" |-> null, "x" |-> null, Code: await
    "full" ; assign("x", "full" ; "value" :: bool(false)) ; return("x") >, <
    "init" : Method | Param: noVid, Att: "_" |-> null, Code: assign("full" ;
    bool(false)) ; return(emp) >, < "put" : Method | Param: "x", Att: "_" |->
    null, "x" |-> null, Code: await "~"("full") ; assign("value", "full" ; "x"
    :: bool(true)) ; return(emp) >, < "run" : Method | Param: noVid, Att: "_"
    |-> null, Code: skip ; return(emp) >,
  Ocnt: 0 >
 
< "Consumer" : Class | Inh: noInh, Param: "buf", Att: "buf" |-> null, "sum" |->
    null, Mtds:
  < "init" : Method | Param: noVid, Att: "_" |-> null, Code: assign("sum" @
    "Consumer" ; int(0)) ; return(emp) >, < "run" : Method | Param: noVid, Att:
    "_" |-> null, "ccglab0" |-> null, "ccglab1" |-> null, "j" |-> null, Code:
    call("ccglab0" ; "buf" ; "get" ; emp) ; get("ccglab0" ; "j") ; free(
    "ccglab0") ; assign("sum" ; "+"("sum" :: "j")) ; call("ccglab1" ; "this" ;
    "run" ; emp) ; free("ccglab1") ; return(emp) >,
  Ocnt: 0 >
 
< "Main" : Class | Inh: noInh, Param: noVid, Att: noSubst, Mtds:
  < "init" : Method | Param: noVid, Att: "_" |-> null, Code: skip ; return(emp)
    >, < "run" : Method | Param: noVid, Att: "_" |-> null, "buf" |-> null,
    "cons" |-> null, "prod" |-> null, Code: new("buf" ; "Buffer" ; emp) ; new(
    "prod" ; "Producer" ; "buf") ; new("cons" ; "Consumer" ; "buf") ; return(
    emp) >,
  Ocnt: 0 >
 
< "Producer" : Class | Inh: noInh, Param: "buf", Att: "buf" |-> null, "i" |->
    null, Mtds:
  < "init" : Method | Param: noVid, Att: "_" |-> null, Code: assign("i" @
    "Producer" ; int(1)) ; return(emp) >, < "run" : Method | Param: noVid, Att:
    "_" |-> null, "ccglab0" |-> null, "ccglab1" |-> null, Code: call("ccglab0"
    ; "buf" ; "put" ; "i") ; get("ccglab0" ; noVid) ; free("ccglab0") ; assign(
    "i" ; "+"("i" :: int(1))) ; call("ccglab1" ; "this" ; "run" ; emp) ; free(
    "ccglab1") ; return(emp) >,
  Ocnt: 0 >
}
Bye.
