==========================================
reduce in PROGRAM : classes .
result Class: 
< "CallAll" : Class | Inh: noInh, Param: noVid, Att: "list" |-> null,
    "outstanding" |-> null, "results" |-> null, Mtds:
  < "call_all" : Method | Param: noVid, Att: "_" |-> null, "label:0" |-> null,
    Code: assign("results" ; list(emp)) ; call("label:0" ; "this" ; "doit" ;
    "list") ; get("label:0" ; noVid) ; free("label:0") ; await "="("#"(
    "results") :: "#"("list")) ; return(emp) >, < "doit" : Method | Param: "l",
    Att: "_" |-> null, "i" |-> null, "l" |-> null, "label:0" |-> null, "o" |->
    null, "r" |-> null, Code: if "/="("l" :: list(emp)) th call("r" ; "fst"(
    "i") ; "m" ; "snd"("i")) ; call("label:0" ; "this" ; "doit" ; "tail"("l"))
    ; get("label:0" ; noVid) ; free("label:0") ; await ?("r") ; get("r" ; "o")
    ; free("r") ; assign("results" ; "|-"("results" :: list("fst"("i") ::
    "o"))) el skip fi ; return(emp) >, < "init" : Method | Param: noVid, Att:
    "_" |-> null, Code: skip ; return(emp) >, < "run" : Method | Param: noVid,
    Att: "_" |-> null, Code: skip ; return(emp) >,
  Ocnt: 0 >

Bye.
