==========================================
reduce in PROGRAM : classes .
result Configuration: 
< "Buffer" : Class | Inh: noInh, Param: noVid, Att: "full" |-> null, "value"
    |-> null, Mtds:
  < "init" : Method | Param: noVid, Att: "_" |-> null, Code: assign("full" ;
    bool(false)) ; return(emp) >, < "put" : Method | Param: "x", Att: "_" |->
    null, "x" |-> null, Code: await "~"("full") ; assign("value", "full" ; "x"
    :: bool(true)) ; return(emp) >, < "run" : Method | Param: noVid, Att: "_"
    |-> null, Code: skip ; return(emp) >, < "take" : Method | Param: noVid,
    Att: "_" |-> null, "x" |-> null, Code: await "full" ; assign("x", "full" ;
    "value" :: bool(false)) ; return("x") >,
  Ocnt: 0 >
 
< "Consumer" : Class | Inh: noInh, Param: "buf", Att: "buf" |-> null, "sum" |->
    null, Mtds:
  < "consume" : Method | Param: "x", Att: "_" |-> null, "x" |-> null, Code:
    assign("sum" ; "+"("sum" :: "x")) ; return(emp) >, < "init" : Method |
    Param: noVid, Att: "_" |-> null, Code: assign("sum" @ "Consumer" ; int(0))
    ; return(emp) >, < "run" : Method | Param: noVid, Att: "_" |-> null, "j"
    |-> null, "label:0" |-> null, "label:1" |-> null, Code: call("label:0" ;
    "buf" ; "take" ; emp) ; get("label:0" ; "j") ; free("label:0") ; assign(
    "sum" ; "+"("sum" :: "j")) ; call("label:1" ; "this" ; "run" ; emp) ; free(
    "label:1") ; return(emp) >,
  Ocnt: 0 >
 
< "Main" : Class | Inh: noInh, Param: noVid, Att: noSubst, Mtds:
  < "init" : Method | Param: noVid, Att: "_" |-> null, Code: skip ; return(emp)
    >, < "run" : Method | Param: noVid, Att: "_" |-> null, "buf" |-> null,
    "cons" |-> null, "prod" |-> null, Code: new("buf" ; "Buffer" ; emp) ; new(
    "prod" ; "Producer" ; "buf") ; new("cons" ; "Consumer" ; "buf") ; return(
    emp) >,
  Ocnt: 0 >
 
< "Producer" : Class | Inh: noInh, Param: "buf", Att: "buf" |-> null, "i" |->
    null, Mtds:
  < "init" : Method | Param: noVid, Att: "_" |-> null, Code: assign("i" @
    "Producer" ; int(1)) ; return(emp) >, < "produce" : Method | Param: noVid,
    Att: "_" |-> null, "x" |-> null, Code: assign("x" ; "i") ; assign("i" ;
    "+"("i" :: int(1))) ; return("x") >, < "run" : Method | Param: noVid, Att:
    "_" |-> null, "label:0" |-> null, "label:1" |-> null, Code: call("label:0"
    ; "buf" ; "put" ; "i") ; get("label:0" ; noVid) ; free("label:0") ; assign(
    "i" ; "+"("i" :: int(1))) ; call("label:1" ; "this" ; "run" ; emp) ; free(
    "label:1") ; return(emp) >,
  Ocnt: 0 >

Bye.
