==========================================
reduce in RANDOM-EXEC : simulate('PROGRAM, upTerm(main(state, "FibTester",
    emp)), 0, 10) .
result [State]: {

warning("Program terminates after 2 steps")

 
< ob("FibTester-0") : "FibTester" |
  Att: "f" |-> null, "n" |-> null, "res" |-> null, "this" |-> ob(
    "FibTester-0"),
  Pr: {".label" |-> label(ob("main"), 0) | $assign("n" ; emp) ; call(".anon" ;
    "this" ; "init" ; emp) ; get(".anon" ; noVid) ; free(".anon") ; call(
    ".anon" ; "this" ; "run" ; emp) ; free(".anon")},
  PrQ: noProc,
  Lcnt: 0 >
 
< "FibTester" : Class | Inh: noInh, Param: "n", Att: "f" |-> null, "n" |->
    null, "res" |-> null, Mtds:
  < "init" : Method | Param: noVid, Att: "_" |-> null, Code: new("f" ;
    "Fibonacci" ; "n") ; return(emp) >, < "run" : Method | Param: noVid, Att:
    "_" |-> null, "ccglab0" |-> null, Code: call("ccglab0" ; "f" ; "fibonacci"
    ; "n") ; get("ccglab0" ; "res") ; free("ccglab0") ; return(emp) >,
  Ocnt: 1 >
 
< "Fibonacci" : Class | Inh: noInh, Param: "n", Att: "n" |-> null, Mtds:
  < "fib" : Method | Param: "n", Att: "_" |-> null, "a" |-> null, "b" |-> null,
    "f" |-> null, "n" |-> null, "s" |-> null, "t" |-> null, Code: if "="("n" ::
    int(0)) th assign("f" ; int(1)) el if "="("n" :: int(1)) th assign("f" ;
    int(1)) el call("s" ; "this" ; "fib" ; "-"("n" :: int(1))) ; call("t" ;
    "this" ; "fib" ; "-"("n" :: int(2))) ; get("s" ; "a") ; free("s") ; get("t"
    ; "b") ; free("t") ; assign("f" ; "+"("a" :: "b")) fi fi ; return("f") >, <
    "fibonacci" : Method | Param: "n", Att: "_" |-> null, "f" |-> null, "n" |->
    null, "t" |-> null, Code: call("t" ; "this" ; "fib" ; "n") ; get("t" ; "f")
    ; free("t") ; return("f") >, < "init" : Method | Param: noVid, Att: "_" |->
    null, Code: skip ; return(emp) >, < "run" : Method | Param: noVid, Att: "_"
    |-> null, "res" |-> null, "t" |-> null, Code: call("t" ; "this" ; "fib" ;
    "n") ; await ?("t") ; get("t" ; "res") ; free("t") ; return(emp) >,
  Ocnt: 0 >
}
Bye.
