==========================================
rewrite [100] in PROGRAM : main(classes, "Hello", emp) .
result State: {
< ob("Console0") : "Console" |
  Att: "output" |-> list(str("Hello, world")), "this" |-> ob("Console0"),
  Pr: idle,
  PrQ: noProc,
  Lcnt: 2 >
 
< ob("Hello0") : "Hello" |
  Att: "console" |-> ob("Console0"), "this" |-> ob("Hello0"),
  Pr: idle,
  PrQ: noProc,
  Lcnt: 3 >
 
< ob("log") : "" |
  Att: noSubst,
  Pr: idle,
  PrQ: noProc,
  Lcnt: 22 >
 
< ob("main") : "" |
  Att: noSubst,
  Pr: idle,
  PrQ: noProc,
  Lcnt: 0 >
 
< "Console" : Class | Inh: noInh, Param: noVid, Att: "output" |-> null, Mtds:
  < "init" : Method | Param: noVid, Att: "_" |-> null, Code: assign("output" @
    "Console" ; list(emp)) ; return(emp) >, < "print" : Method | Param:
    "result", Att: "_" |-> null, "result" |-> null, Code: assign("output" ;
    "|-"("output" :: str("Hello, world"))) ; return(emp) >, < "run" : Method |
    Param: noVid, Att: "_" |-> null, Code: skip ; return(emp) >,
  Ocnt: 1 >
 
< "Hello" : Class | Inh: noInh, Param: noVid, Att: "console" |-> null, Mtds:
  < "init" : Method | Param: noVid, Att: "_" |-> null, Code: new("console" ;
    "Console" ; emp) ; return(emp) >, < "run" : Method | Param: noVid, Att: "_"
    |-> null, "label:0" |-> null, Code: call("label:0" ; "console" ; "print" ;
    str("hello, world")) ; get("label:0" ; noVid) ; free("label:0") ; return(
    emp) >,
  Ocnt: 1 >
 
<log From: 0 To: 22 Type: "lastrun"
    Data: {skip ; new("var" ; "Hello" ; emp) ; assign("nolabel.var" ; ob(
    "Hello0")) ; call(".anon" ; "this" ; "init" ; emp) ; new("console" ;
    "Console" ; emp) ; assign("Hello0.console" ; ob("Console0")) ; call(".anon"
    ; "this" ; "init" ; emp) ; return(emp) ; assign("output" @ "Console" ;
    list(emp)) ; return(emp) ; call(".anon" ; "this" ; "run" ; emp) ; return(
    emp) ; call(".anon" ; "this" ; "run" ; emp) ; call("label:0" ; "console" ;
    "print" ; str("hello, world")) ; assign("Hello0-2.result" ; str(
    "hello, world")) ; assign("Console0.output" ; "|-"("Console0.output" ::
    str("Hello, world"))) ; return(emp) ; return(emp) | 
  "Console0.output" |> list(str("Hello, world")), 
  "Hello0-2.result" |> str("hello, world"), 
  "Hello0.console" |> ob("Console0"), 
  "nolabel.var" |> ob("Hello0") | 
  "Hello0-2" |> list(str("hello, world"))} Att: noSubst Label: "lastrun" >
}
Bye.
